#
# A fatal error has been detected by the Java Runtime Environment:
#
#  EXCEPTION_ACCESS_VIOLATION (0xc0000005) at pc=0x00007fff30eb9d67, pid=18436, tid=23180
#
# JRE version: OpenJDK Runtime Environment (25.0+37) (build 25+37-LTS)
# Java VM: OpenJDK 64-Bit Server VM (25+37-LTS, mixed mode, sharing, tiered, compressed oops, compressed class ptrs, g1 gc, windows-amd64)
# Problematic frame:
# C  [glass.dll+0x29d67]
#
# No core dump will be written. Minidumps are not enabled by default on client versions of Windows
#
# If you would like to submit a bug report, please visit:
#   https://bell-sw.com/support
#

---------------  S U M M A R Y ------------

Command Line: -javaagent:C:\Program Files\JetBrains\IntelliJ IDEA 2025.2.2\lib\idea_rt.jar=63121 -Dfile.encoding=UTF-8 -Dsun.stdout.encoding=UTF-8 -Dsun.stderr.encoding=UTF-8 dk.easv.mytunes.GUI.Main

Host: AMD Ryzen 5 5625U with Radeon Graphics         , 12 cores, 13G,  Windows 11 , 64 bit Build 26100 (10.0.26100.7019)
Time: Tue Nov 25 11:25:19 2025 Rom, normaltid elapsed time: 82.516677 seconds (0d 0h 1m 22s)

---------------  T H R E A D  ---------------

Current thread (0x000001bedda41870):  VMThread "VM Thread"          [id=23180, stack(0x000000a048900000,0x000000a048a00000) (1024K)]

Stack: [0x000000a048900000,0x000000a048a00000],  sp=0x000000a0489feae0,  free space=1018k
Native frames: (J=compiled Java code, j=interpreted, Vv=VM code, C=native code)
C  [glass.dll+0x29d67]  (no source info available)
C  [ucrtbase.dll+0x4bc75]  (no source info available)
C  [ucrtbase.dll+0x4b897]  (no source info available)
C  [ucrtbase.dll+0x4b84d]  (no source info available)
C  [glass.dll+0x2745d]  (no source info available)
C  [glass.dll+0x27582]  (no source info available)
C  [ntdll.dll+0x15f96e]  (no source info available)
C  [ntdll.dll+0xbcae]  (no source info available)
C  [ntdll.dll+0x8d4af]  (no source info available)
C  [ntdll.dll+0x8c67e]  (no source info available)
C  [KERNEL32.DLL+0x418ab]  (no source info available)
C  [ucrtbase.dll+0xa0093]  (no source info available)
V  [jvm.dll+0x7b16fa]  (no source info available)
V  [jvm.dll+0x7b1bbb]  (no source info available)
V  [jvm.dll+0x7b16e0]  (no source info available)
V  [jvm.dll+0x48baa4]  (no source info available)
V  [jvm.dll+0xa0fb8a]  (no source info available)
V  [jvm.dll+0xa10e91]  (no source info available)
V  [jvm.dll+0xa11408]  (no source info available)
V  [jvm.dll+0xa116a3]  (no source info available)
V  [jvm.dll+0x9a6be8]  (no source info available)
V  [jvm.dll+0x7b7db5]  (no source info available)
C  [ucrtbase.dll+0x37b0]  (no source info available)
C  [KERNEL32.DLL+0x2e8d7]  (no source info available)
C  [ntdll.dll+0x8c53c]  (no source info available)


siginfo: EXCEPTION_ACCESS_VIOLATION (0xc0000005), reading address 0x0000000000000000


Registers:
RAX=0x0000000000000000, RBX=0x000001bedda4c09a, RCX=0x000001bedda41870, RDX=0x000000a0489feae0
RSP=0x000000a0489feae0, RBP=0x0000a6052f19a42a, RSI=0x000001bee256f048, RDI=0x000001bee256f020
R8 =0x0000000000010002, R9 =0x0000a6052f19a42a, R10=0x000001bebacc0000, R11=0x000000a0489febc8
R12=0x0000000000000001, R13=0x00007fff30eb75d0, R14=0x000000a0489febe8, R15=0x000001bee256f020
RIP=0x00007fff30eb9d67, EFLAGS=0x0000000000010206

XMM[0]=0x0000000000000000 0x0000000000000000
XMM[1]=0x0000000000000000 0x000000a0489fd740
XMM[2]=0x0000000000000000 0x0000000000000000
XMM[3]=0x0000000000000000 0x0000000000000000
XMM[4]=0x0000000000000000 0x0000000000000000
XMM[5]=0x0000000000000000 0x0000000000000000
XMM[6]=0x0000000000000000 0x0000000000000000
XMM[7]=0x0000000000000000 0x404e000000000000
XMM[8]=0x0000000000000000 0x0000000000000000
XMM[9]=0x0000000000000000 0x0000000000000000
XMM[10]=0x0000000000000000 0x0000000000000000
XMM[11]=0x0000000000000000 0x0000000000000000
XMM[12]=0x0000000000000000 0x0000000000000000
XMM[13]=0x0000000000000000 0x0000000000000000
XMM[14]=0x0000000000000000 0x0000000000000000
XMM[15]=0x0000000000000000 0x0000000000000000
  MXCSR=0x00001fa0


Register to memory mapping:

RAX=0x0 is null
RBX=0x000001bedda4c09a is a global jni handle
RCX=0x000001bedda41870 points into unknown readable memory: 0x00007ffece1c17d0 | d0 17 1c ce fe 7f 00 00
RDX=0x000000a0489feae0 points into unknown readable memory: 0x0000000000000000 | 00 00 00 00 00 00 00 00
RSP=0x000000a0489feae0 points into unknown readable memory: 0x0000000000000000 | 00 00 00 00 00 00 00 00
RBP=0x0000a6052f19a42a is an unknown value
RSI=0x000001bee256f048 points into unknown readable memory: 0x0000a6052f19a42a | 2a a4 19 2f 05 a6 00 00
RDI=0x000001bee256f020 points into unknown readable memory: 0xadc306052ee658e9 | e9 58 e6 2e 05 06 c3 ad
R8 =0x0000000000010002 is an unknown value
R9 =0x0000a6052f19a42a is an unknown value
R10=0x000001bebacc0000 points into unknown readable memory: 0x0000000000000000 | 00 00 00 00 00 00 00 00
R11=0x000000a0489febc8 points into unknown readable memory: 0x00007fff30eb745d | 5d 74 eb 30 ff 7f 00 00
R12=0x0000000000000001 is an unknown value
R13=0x00007fff30eb75d0 glass.dll
R14=0x000000a0489febe8 points into unknown readable memory: 0x000000a0489febd0 | d0 eb 9f 48 a0 00 00 00
R15=0x000001bee256f020 points into unknown readable memory: 0xadc306052ee658e9 | e9 58 e6 2e 05 06 c3 ad

Top of Stack: (sp=0x000000a0489feae0)
0x000000a0489feae0:   0000000000000000 000001be00000000   ................
0x000000a0489feaf0:   000001bee25a0510 0000000000000001   ..Z.............
0x000000a0489feb00:   000001bee256f028 00007fff5fc3bc75   (.V.....u.._....
0x000000a0489feb10:   000001bee256f020 000001be00000000    .V.............
0x000000a0489feb20:   000001bee256f040 0000a6052f19a42a   @.V.....*../....
0x000000a0489feb30:   fffffffffffffffe 000000a0489febb8   ...........H....
0x000000a0489feb40:   00007fff30e90000 00007fff30e90000   ...0.......0....
0x000000a0489feb50:   000000a0489febd8 00007fff5fc3b897   ...H......._....
0x000000a0489feb60:   000000a0489feb00 000000a0489febe8   ...H.......H....
0x000000a0489feb70:   000000a0489feed0 00007fff5fd288c0   ...H......._....
0x000000a0489feb80:   0000000000000001 00007fff5fc3b84d   ........M.._....
0x000000a0489feb90:   0000000000000000 0000000000000001   ................
0x000000a0489feba0:   00007fff3dcfdfc0 000000a0489febd8   ...=.......H....
0x000000a0489febb0:   fffffffffffffffe 000000a0489feba0   ...........H....
0x000000a0489febc0:   0000000000000000 00007fff30eb745d   ........]t.0....
0x000000a0489febd0:   00007fff30ecfe50 0000000000000002   P..0............
0x000000a0489febe0:   00007fff00000002 000000a0489febd0   ...........H....
0x000000a0489febf0:   00007fff54240000 00004c71798ecedd   ..$T.......yqL..
0x000000a0489fec00:   0000000000000000 00007fff30eb7582   .........u.0....
0x000000a0489fec10:   0000000000000001 000000007ffe0385   ................
0x000000a0489fec20:   0000000000000001 00007fff6232a6af   ..........2b....
0x000000a0489fec30:   000000007ffe0385 00007fff622d2888   .........(-b....
0x000000a0489fec40:   0000000000000001 0000000000000000   ................
0x000000a0489fec50:   0000000000000000 000000007ffe0384   ................
0x000000a0489fec60:   000001bee2157b70 00007fff6247f96e   p{......n.Gb....
0x000000a0489fec70:   00007fff30e90000 000001be00000000   ...0............
0x000000a0489fec80:   0000000000000001 000000007ffe0385   ................
0x000000a0489fec90:   00007fff30eba5b8 00007fff6232bcae   ...0......2b....
0x000000a0489feca0:   0000000000000000 0000000000000000   ................
0x000000a0489fecb0:   0000000000000000 0000000000000000   ................
0x000000a0489fecc0:   0000000000000000 0000000000000000   ................
0x000000a0489fecd0:   0000000000000000 0000000000000000   ................

Instructions: (pc=0x00007fff30eb9d67)
  0x00007fff30eb9c67:   8b 4d 58 e8 ad ce ff ff 48 8b 4d 60 e8 a4 ce ff
  0x00007fff30eb9c77:   ff 48 8b 95 80 00 00 00 48 8b 8d 18 01 00 00 e8
  0x00007fff30eb9c87:   56 c4 ff ff 33 d2 33 c9 e8 ec e0 ff ff 90 48 89
  0x00007fff30eb9c97:   54 24 10 55 48 83 ec 20 48 8b ea 48 b8 00 00 00
  0x00007fff30eb9ca7:   00 00 00 00 00 48 83 c4 20 5d c3 cc 40 55 48 8b
  0x00007fff30eb9cb7:   ea 48 8b 01 33 c9 81 38 05 00 00 c0 0f 94 c1 8b
  0x00007fff30eb9cc7:   c1 5d c3 cc 40 55 48 83 ec 20 48 8b ea 8a 4d 40
  0x00007fff30eb9cd7:   48 83 c4 20 5d e9 93 d2 ff ff cc 40 55 48 83 ec
  0x00007fff30eb9ce7:   20 48 8b ea 8a 4d 20 e8 81 d2 ff ff 90 48 83 c4
  0x00007fff30eb9cf7:   20 5d c3 cc 40 55 48 83 ec 20 48 8b ea 48 83 c4
  0x00007fff30eb9d07:   20 5d e9 e2 d0 ff ff cc 40 55 48 83 ec 30 48 8b
  0x00007fff30eb9d17:   ea 48 8b 01 8b 10 48 89 4c 24 28 89 54 24 20 4c
  0x00007fff30eb9d27:   8d 0d 83 d5 ff ff 4c 8b 45 70 8b 55 68 48 8b 4d
  0x00007fff30eb9d37:   60 e8 23 d0 ff ff 90 48 83 c4 30 5d c3 cc cc cc
  0x00007fff30eb9d47:   cc cc cc cc cc cc cc cc cc 40 53 48 83 ec 20 48
  0x00007fff30eb9d57:   8b 1d 9b 5b 01 00 48 85 db 74 16 e8 59 8a ff ff
=>0x00007fff30eb9d67:   4c 8b 00 48 8b d3 48 8b c8 41 ff 90 b0 00 00 00
  0x00007fff30eb9d77:   90 48 83 c4 20 5b c3 cc cc 40 53 48 83 ec 20 48
  0x00007fff30eb9d87:   8b 1d db 5c 01 00 48 85 db 74 57 b8 ff ff ff ff
  0x00007fff30eb9d97:   f0 0f c1 43 10 83 f8 01 75 3d 48 85 db 74 38 48
  0x00007fff30eb9da7:   8b 0b 48 85 c9 74 0d ff 15 0c 05 00 00 48 c7 03
  0x00007fff30eb9db7:   00 00 00 00 48 8b 4b 08 48 85 c9 74 0d e8 53 cd
  0x00007fff30eb9dc7:   ff ff 48 c7 43 08 00 00 00 00 ba 18 00 00 00 48
  0x00007fff30eb9dd7:   8b cb e8 3e cd ff ff 48 c7 05 7f 5c 01 00 00 00
  0x00007fff30eb9de7:   00 00 48 83 c4 20 5b c3 cc 40 53 48 83 ec 20 48
  0x00007fff30eb9df7:   8b 1d 4b 5c 01 00 48 85 db 74 57 b8 ff ff ff ff
  0x00007fff30eb9e07:   f0 0f c1 43 10 83 f8 01 75 3d 48 85 db 74 38 48
  0x00007fff30eb9e17:   8b 0b 48 85 c9 74 0d ff 15 9c 04 00 00 48 c7 03
  0x00007fff30eb9e27:   00 00 00 00 48 8b 4b 08 48 85 c9 74 0d e8 e3 cc
  0x00007fff30eb9e37:   ff ff 48 c7 43 08 00 00 00 00 ba 18 00 00 00 48
  0x00007fff30eb9e47:   8b cb e8 ce cc ff ff 48 c7 05 ef 5b 01 00 00 00
  0x00007fff30eb9e57:   00 00 48 83 c4 20 5b c3 cc 40 53 48 83 ec 20 48


Stack slot to memory mapping:

stack at sp + 0 slots: 0x0 is null
stack at sp + 1 slots: 0x000001be00000000 is an unknown value
stack at sp + 2 slots: 0x000001bee25a0510 points into unknown readable memory: 0x000001bee25a0360 | 60 03 5a e2 be 01 00 00
stack at sp + 3 slots: 0x0000000000000001 is an unknown value
stack at sp + 4 slots: 0x000001bee256f028 points into unknown readable memory: 0x0000a6052f19a42a | 2a a4 19 2f 05 a6 00 00
stack at sp + 5 slots: 0x00007fff5fc3bc75 ucrtbase.dll
stack at sp + 6 slots: 0x000001bee256f020 points into unknown readable memory: 0xadc306052ee658e9 | e9 58 e6 2e 05 06 c3 ad
stack at sp + 7 slots: 0x000001be00000000 is an unknown value

VM_Operation (0x000000a047ffee90): Exit, mode: safepoint, requested by thread 0x000001bee210c2c0


---------------  P R O C E S S  ---------------

Threads class SMR info:
_java_thread_list=0x000001bee7c99260, length=20, elements={
0x000001bebadd3b00, 0x000001bedda511d0, 0x000001bedda51990, 0x000001bedda58b00,
0x000001bedda59a10, 0x000001bedda5b140, 0x000001bedda67400, 0x000001bedda6de90,
0x000001bedda77f80, 0x000001bedda617b0, 0x000001bedda62f20, 0x000001bedda636f0,
0x000001bedda5f0a0, 0x000001bee2563840, 0x000001bee2564fb0, 0x000001bee263b7d0,
0x000001bee263b000, 0x000001bee77df800, 0x000001bee7d75610, 0x000001bee210c2c0
}

Java Threads: ( => current thread )
  0x000001bebadd3b00 JavaThread "main"                              [_thread_blocked, id=23484, stack(0x000000a048200000,0x000000a048300000) (1024K)]
  0x000001bedda511d0 JavaThread "Reference Handler"          daemon [_thread_blocked, id=10200, stack(0x000000a048a00000,0x000000a048b00000) (1024K)]
  0x000001bedda51990 JavaThread "Finalizer"                  daemon [_thread_blocked, id=16736, stack(0x000000a048b00000,0x000000a048c00000) (1024K)]
  0x000001bedda58b00 JavaThread "Signal Dispatcher"          daemon [_thread_blocked, id=11452, stack(0x000000a048c00000,0x000000a048d00000) (1024K)]
  0x000001bedda59a10 JavaThread "Attach Listener"            daemon [_thread_blocked, id=9916, stack(0x000000a048d00000,0x000000a048e00000) (1024K)]
  0x000001bedda5b140 JavaThread "Service Thread"             daemon [_thread_blocked, id=26300, stack(0x000000a048e00000,0x000000a048f00000) (1024K)]
  0x000001bedda67400 JavaThread "Monitor Deflation Thread"   daemon [_thread_blocked, id=14640, stack(0x000000a048f00000,0x000000a049000000) (1024K)]
  0x000001bedda6de90 JavaThread "C2 CompilerThread0"         daemon [_thread_blocked, id=25132, stack(0x000000a049000000,0x000000a049100000) (1024K)]
  0x000001bedda77f80 JavaThread "C1 CompilerThread0"         daemon [_thread_blocked, id=2008, stack(0x000000a049100000,0x000000a049200000) (1024K)]
  0x000001bedda617b0 JavaThread "Common-Cleaner"             daemon [_thread_blocked, id=7616, stack(0x000000a049200000,0x000000a049300000) (1024K)]
  0x000001bedda62f20 JavaThread "Monitor Ctrl-Break"         daemon [_thread_in_native, id=27088, stack(0x000000a049400000,0x000000a049500000) (1024K)]
  0x000001bedda636f0 JavaThread "Notification Thread"        daemon [_thread_blocked, id=1832, stack(0x000000a049500000,0x000000a049600000) (1024K)]
  0x000001bedda5f0a0 JavaThread "QuantumRenderer-0"          daemon [_thread_blocked, id=16804, stack(0x000000a049300000,0x000000a049400000) (1024K)]
  0x000001bee2563840 JavaThread "InvokeLaterDispatcher"      daemon [_thread_blocked, id=25792, stack(0x000000a049800000,0x000000a049900000) (1024K)]
  0x000001bee2564fb0 JavaThread "JavaFX Application Thread"         [_thread_in_native, id=25788, stack(0x000000a049900000,0x000000a049a00000) (1024K)]
  0x000001bee263b7d0 JavaThread "JavaFX-Launcher"                   [_thread_blocked, id=4308, stack(0x000000a04a700000,0x000000a04a800000) (1024K)]
  0x000001bee263b000 JavaThread "Thread-2"                   daemon [_thread_in_native, id=17740, stack(0x000000a04a600000,0x000000a04a700000) (1024K)]
  0x000001bee77df800 JavaThread "Prism Font Disposer"        daemon [_thread_blocked, id=8520, stack(0x000000a04aa00000,0x000000a04ab00000) (1024K)]
  0x000001bee7d75610 JavaThread "Cleaner-0"                  daemon [_thread_blocked, id=19528, stack(0x000000a04b200000,0x000000a04b300000) (1024K)]
  0x000001bee210c2c0 JavaThread "SIGINT handler"             daemon [_thread_blocked, id=16556, stack(0x000000a047f00000,0x000000a048000000) (1024K)]
Total: 20

Other Threads:
=>0x000001bedda41870 VMThread "VM Thread"                           [id=23180, stack(0x000000a048900000,0x000000a048a00000) (1024K)]
  0x000001bebd25c0d0 WorkerThread "GC Thread#0"                     [id=19248, stack(0x000000a048300000,0x000000a048400000) (1024K)]
  0x000001bee7c9eb90 WorkerThread "GC Thread#1"                     [id=14212, stack(0x000000a04ab00000,0x000000a04ac00000) (1024K)]
  0x000001bee7d2cc30 WorkerThread "GC Thread#2"                     [id=14536, stack(0x000000a04ac00000,0x000000a04ad00000) (1024K)]
  0x000001bee7c9efc0 WorkerThread "GC Thread#3"                     [id=15192, stack(0x000000a04ad00000,0x000000a04ae00000) (1024K)]
  0x000001bee8636260 WorkerThread "GC Thread#4"                     [id=13440, stack(0x000000a04ae00000,0x000000a04af00000) (1024K)]
  0x000001bee8636b00 WorkerThread "GC Thread#5"                     [id=18320, stack(0x000000a04af00000,0x000000a04b000000) (1024K)]
  0x000001bee8633fe0 WorkerThread "GC Thread#6"                     [id=19032, stack(0x000000a04b000000,0x000000a04b100000) (1024K)]
  0x000001bee8633740 WorkerThread "GC Thread#7"                     [id=13432, stack(0x000000a04b100000,0x000000a04b200000) (1024K)]
  0x000001bebd271e00 ConcurrentGCThread "G1 Main Marker"            terminated
  0x000001bebd2737f0 WorkerThread "G1 Conc#0"                       [id=25956, stack(0x000000a048500000,0x000000a048600000) (1024K)]
  0x000001bebd2be0b0 ConcurrentGCThread "G1 Refine#0"               terminated
  0x000001bebd2beac0 ConcurrentGCThread "G1 Service"                terminated
Total: 13

Threads with active compile tasks:
Total: 0

VM state: at safepoint (shutting down)

VM Mutex/Monitor currently owned by a thread:  ([mutex/lock_event])
[0x00007ffece3d0810] ThreadsLockThrottle_lock - owner thread: 0x000001bedda58b00
[0x00007ffece3d0b10] Threads_lock - owner thread: 0x000001bedda41870
[0x00007ffece3d0c90] Heap_lock - owner thread: 0x000001bee210c2c0

Heap address: 0x0000000722600000, size: 3546 MB, Compressed Oops mode: Zero based, Oop shift amount: 3

CDS archive(s) mapped at: [0x000000009e000000-0x000000009edd0000-0x000000009edd0000), size 14483456, SharedBaseAddress: 0x000000009e000000, ArchiveRelocationMode: 1.
Compressed class space mapped at: 0x000000009f000000-0x00000000df000000, reserved size: 1073741824
UseCompressedClassPointers 1, UseCompactObjectHeaders 0
Narrow klass pointer bits 32, Max shift 3
Narrow klass base: 0x000000009e000000, Narrow klass shift: 0
Encoding Range: [0x000000009e000000 - 0x000000019e000000), (4294967296 bytes)
Klass Range:    [0x000000009e010000 - 0x00000000df000000), (1090453504 bytes)
Klass ID Range:  [65536 - 1090519033) (1090453497)
Protection zone: [0x000000009e000000 - 0x000000009e010000), (65536 bytes)

GC Precious Log:
 CardTable entry size: 512
 Card Set container configuration: InlinePtr #cards 4 size 8 Array Of Cards #cards 16 size 48 Howl #buckets 8 coarsen threshold 3686 Howl Bitmap #cards 512 size 80 coarsen threshold 460 Card regions per heap region 1 cards per card region 4096
 CPUs: 12 total, 12 available
 Memory: 14179M
 Large Page Support: Disabled
 NUMA Support: Disabled
 Compressed Oops: Enabled (Zero based)
 Heap Region Size: 2M
 Heap Min Capacity: 8M
 Heap Initial Capacity: 222M
 Heap Max Capacity: 3546M
 Pre-touch: Disabled
 Parallel Workers: 10
 Concurrent Workers: 3
 Concurrent Refinement Workers: 10
 Periodic GC: Disabled

Heap:
 garbage-first heap   total reserved 3631104K, committed 229376K, used 25509K [0x0000000722600000, 0x0000000800000000)
  region size 2048K, 11 young (22528K), 3 survivors (6144K)

Heap Regions: E=young(eden), S=young(survivor), O=old, HS=humongous(starts), HC=humongous(continues), CS=collection set, F=free, TAMS=top-at-mark-start, PB=parsable bottom
|   0|0x0000000722600000, 0x00000007227b6820, 0x0000000722800000| 85%| O|  |TAMS 0x0000000722600000| PB 0x0000000722600000| Untracked |  0
|   1|0x0000000722800000, 0x0000000722a00000, 0x0000000722a00000|100%|HS|  |TAMS 0x0000000722800000| PB 0x0000000722800000| Complete |  0
|   2|0x0000000722a00000, 0x0000000722a00000, 0x0000000722c00000|  0%| F|  |TAMS 0x0000000722a00000| PB 0x0000000722a00000| Untracked |  0
|   3|0x0000000722c00000, 0x0000000722c00000, 0x0000000722e00000|  0%| F|  |TAMS 0x0000000722c00000| PB 0x0000000722c00000| Untracked |  0
|   4|0x0000000722e00000, 0x0000000722e00000, 0x0000000723000000|  0%| F|  |TAMS 0x0000000722e00000| PB 0x0000000722e00000| Untracked |  0
|   5|0x0000000723000000, 0x0000000723000000, 0x0000000723200000|  0%| F|  |TAMS 0x0000000723000000| PB 0x0000000723000000| Untracked |  0
|   6|0x0000000723200000, 0x0000000723200000, 0x0000000723400000|  0%| F|  |TAMS 0x0000000723200000| PB 0x0000000723200000| Untracked |  0
|   7|0x0000000723400000, 0x0000000723400000, 0x0000000723600000|  0%| F|  |TAMS 0x0000000723400000| PB 0x0000000723400000| Untracked |  0
|   8|0x0000000723600000, 0x0000000723600000, 0x0000000723800000|  0%| F|  |TAMS 0x0000000723600000| PB 0x0000000723600000| Untracked |  0
|   9|0x0000000723800000, 0x0000000723800000, 0x0000000723a00000|  0%| F|  |TAMS 0x0000000723800000| PB 0x0000000723800000| Untracked |  0
|  10|0x0000000723a00000, 0x0000000723a00000, 0x0000000723c00000|  0%| F|  |TAMS 0x0000000723a00000| PB 0x0000000723a00000| Untracked |  0
|  11|0x0000000723c00000, 0x0000000723c00000, 0x0000000723e00000|  0%| F|  |TAMS 0x0000000723c00000| PB 0x0000000723c00000| Untracked |  0
|  12|0x0000000723e00000, 0x0000000723e00000, 0x0000000724000000|  0%| F|  |TAMS 0x0000000723e00000| PB 0x0000000723e00000| Untracked |  0
|  13|0x0000000724000000, 0x0000000724000000, 0x0000000724200000|  0%| F|  |TAMS 0x0000000724000000| PB 0x0000000724000000| Untracked |  0
|  14|0x0000000724200000, 0x0000000724200000, 0x0000000724400000|  0%| F|  |TAMS 0x0000000724200000| PB 0x0000000724200000| Untracked |  0
|  15|0x0000000724400000, 0x0000000724400000, 0x0000000724600000|  0%| F|  |TAMS 0x0000000724400000| PB 0x0000000724400000| Untracked |  0
|  16|0x0000000724600000, 0x0000000724600000, 0x0000000724800000|  0%| F|  |TAMS 0x0000000724600000| PB 0x0000000724600000| Untracked |  0
|  17|0x0000000724800000, 0x0000000724800000, 0x0000000724a00000|  0%| F|  |TAMS 0x0000000724800000| PB 0x0000000724800000| Untracked |  0
|  18|0x0000000724a00000, 0x0000000724a00000, 0x0000000724c00000|  0%| F|  |TAMS 0x0000000724a00000| PB 0x0000000724a00000| Untracked |  0
|  19|0x0000000724c00000, 0x0000000724c00000, 0x0000000724e00000|  0%| F|  |TAMS 0x0000000724c00000| PB 0x0000000724c00000| Untracked |  0
|  20|0x0000000724e00000, 0x0000000724e00000, 0x0000000725000000|  0%| F|  |TAMS 0x0000000724e00000| PB 0x0000000724e00000| Untracked |  0
|  21|0x0000000725000000, 0x0000000725000000, 0x0000000725200000|  0%| F|  |TAMS 0x0000000725000000| PB 0x0000000725000000| Untracked |  0
|  22|0x0000000725200000, 0x0000000725200000, 0x0000000725400000|  0%| F|  |TAMS 0x0000000725200000| PB 0x0000000725200000| Untracked |  0
|  23|0x0000000725400000, 0x0000000725400000, 0x0000000725600000|  0%| F|  |TAMS 0x0000000725400000| PB 0x0000000725400000| Untracked |  0
|  24|0x0000000725600000, 0x0000000725600000, 0x0000000725800000|  0%| F|  |TAMS 0x0000000725600000| PB 0x0000000725600000| Untracked |  0
|  25|0x0000000725800000, 0x0000000725800000, 0x0000000725a00000|  0%| F|  |TAMS 0x0000000725800000| PB 0x0000000725800000| Untracked |  0
|  26|0x0000000725a00000, 0x0000000725a00000, 0x0000000725c00000|  0%| F|  |TAMS 0x0000000725a00000| PB 0x0000000725a00000| Untracked |  0
|  27|0x0000000725c00000, 0x0000000725c00000, 0x0000000725e00000|  0%| F|  |TAMS 0x0000000725c00000| PB 0x0000000725c00000| Untracked |  0
|  28|0x0000000725e00000, 0x0000000725e00000, 0x0000000726000000|  0%| F|  |TAMS 0x0000000725e00000| PB 0x0000000725e00000| Untracked |  0
|  29|0x0000000726000000, 0x0000000726000000, 0x0000000726200000|  0%| F|  |TAMS 0x0000000726000000| PB 0x0000000726000000| Untracked |  0
|  30|0x0000000726200000, 0x0000000726200000, 0x0000000726400000|  0%| F|  |TAMS 0x0000000726200000| PB 0x0000000726200000| Untracked |  0
|  31|0x0000000726400000, 0x0000000726400000, 0x0000000726600000|  0%| F|  |TAMS 0x0000000726400000| PB 0x0000000726400000| Untracked |  0
|  32|0x0000000726600000, 0x0000000726600000, 0x0000000726800000|  0%| F|  |TAMS 0x0000000726600000| PB 0x0000000726600000| Untracked |  0
|  33|0x0000000726800000, 0x0000000726800000, 0x0000000726a00000|  0%| F|  |TAMS 0x0000000726800000| PB 0x0000000726800000| Untracked |  0
|  34|0x0000000726a00000, 0x0000000726a00000, 0x0000000726c00000|  0%| F|  |TAMS 0x0000000726a00000| PB 0x0000000726a00000| Untracked |  0
|  35|0x0000000726c00000, 0x0000000726c00000, 0x0000000726e00000|  0%| F|  |TAMS 0x0000000726c00000| PB 0x0000000726c00000| Untracked |  0
|  36|0x0000000726e00000, 0x0000000726e00000, 0x0000000727000000|  0%| F|  |TAMS 0x0000000726e00000| PB 0x0000000726e00000| Untracked |  0
|  37|0x0000000727000000, 0x0000000727000000, 0x0000000727200000|  0%| F|  |TAMS 0x0000000727000000| PB 0x0000000727000000| Untracked |  0
|  38|0x0000000727200000, 0x0000000727200000, 0x0000000727400000|  0%| F|  |TAMS 0x0000000727200000| PB 0x0000000727200000| Untracked |  0
|  39|0x0000000727400000, 0x0000000727400000, 0x0000000727600000|  0%| F|  |TAMS 0x0000000727400000| PB 0x0000000727400000| Untracked |  0
|  40|0x0000000727600000, 0x0000000727600000, 0x0000000727800000|  0%| F|  |TAMS 0x0000000727600000| PB 0x0000000727600000| Untracked |  0
|  41|0x0000000727800000, 0x0000000727800000, 0x0000000727a00000|  0%| F|  |TAMS 0x0000000727800000| PB 0x0000000727800000| Untracked |  0
|  42|0x0000000727a00000, 0x0000000727a00000, 0x0000000727c00000|  0%| F|  |TAMS 0x0000000727a00000| PB 0x0000000727a00000| Untracked |  0
|  43|0x0000000727c00000, 0x0000000727c00000, 0x0000000727e00000|  0%| F|  |TAMS 0x0000000727c00000| PB 0x0000000727c00000| Untracked |  0
|  44|0x0000000727e00000, 0x0000000727e00000, 0x0000000728000000|  0%| F|  |TAMS 0x0000000727e00000| PB 0x0000000727e00000| Untracked |  0
|  45|0x0000000728000000, 0x0000000728000000, 0x0000000728200000|  0%| F|  |TAMS 0x0000000728000000| PB 0x0000000728000000| Untracked |  0
|  46|0x0000000728200000, 0x0000000728200000, 0x0000000728400000|  0%| F|  |TAMS 0x0000000728200000| PB 0x0000000728200000| Untracked |  0
|  47|0x0000000728400000, 0x0000000728400000, 0x0000000728600000|  0%| F|  |TAMS 0x0000000728400000| PB 0x0000000728400000| Untracked |  0
|  48|0x0000000728600000, 0x0000000728600000, 0x0000000728800000|  0%| F|  |TAMS 0x0000000728600000| PB 0x0000000728600000| Untracked |  0
|  49|0x0000000728800000, 0x0000000728800000, 0x0000000728a00000|  0%| F|  |TAMS 0x0000000728800000| PB 0x0000000728800000| Untracked |  0
|  50|0x0000000728a00000, 0x0000000728a00000, 0x0000000728c00000|  0%| F|  |TAMS 0x0000000728a00000| PB 0x0000000728a00000| Untracked |  0
|  51|0x0000000728c00000, 0x0000000728c00000, 0x0000000728e00000|  0%| F|  |TAMS 0x0000000728c00000| PB 0x0000000728c00000| Untracked |  0
|  52|0x0000000728e00000, 0x0000000728e00000, 0x0000000729000000|  0%| F|  |TAMS 0x0000000728e00000| PB 0x0000000728e00000| Untracked |  0
|  53|0x0000000729000000, 0x0000000729000000, 0x0000000729200000|  0%| F|  |TAMS 0x0000000729000000| PB 0x0000000729000000| Untracked |  0
|  54|0x0000000729200000, 0x0000000729200000, 0x0000000729400000|  0%| F|  |TAMS 0x0000000729200000| PB 0x0000000729200000| Untracked |  0
|  55|0x0000000729400000, 0x0000000729400000, 0x0000000729600000|  0%| F|  |TAMS 0x0000000729400000| PB 0x0000000729400000| Untracked |  0
|  56|0x0000000729600000, 0x0000000729600000, 0x0000000729800000|  0%| F|  |TAMS 0x0000000729600000| PB 0x0000000729600000| Untracked |  0
|  57|0x0000000729800000, 0x0000000729800000, 0x0000000729a00000|  0%| F|  |TAMS 0x0000000729800000| PB 0x0000000729800000| Untracked |  0
|  58|0x0000000729a00000, 0x0000000729a00000, 0x0000000729c00000|  0%| F|  |TAMS 0x0000000729a00000| PB 0x0000000729a00000| Untracked |  0
|  59|0x0000000729c00000, 0x0000000729c00000, 0x0000000729e00000|  0%| F|  |TAMS 0x0000000729c00000| PB 0x0000000729c00000| Untracked |  0
|  60|0x0000000729e00000, 0x0000000729e00000, 0x000000072a000000|  0%| F|  |TAMS 0x0000000729e00000| PB 0x0000000729e00000| Untracked |  0
|  61|0x000000072a000000, 0x000000072a000000, 0x000000072a200000|  0%| F|  |TAMS 0x000000072a000000| PB 0x000000072a000000| Untracked |  0
|  62|0x000000072a200000, 0x000000072a200000, 0x000000072a400000|  0%| F|  |TAMS 0x000000072a200000| PB 0x000000072a200000| Untracked |  0
|  63|0x000000072a400000, 0x000000072a400000, 0x000000072a600000|  0%| F|  |TAMS 0x000000072a400000| PB 0x000000072a400000| Untracked |  0
|  64|0x000000072a600000, 0x000000072a600000, 0x000000072a800000|  0%| F|  |TAMS 0x000000072a600000| PB 0x000000072a600000| Untracked |  0
|  65|0x000000072a800000, 0x000000072a800000, 0x000000072aa00000|  0%| F|  |TAMS 0x000000072a800000| PB 0x000000072a800000| Untracked |  0
|  66|0x000000072aa00000, 0x000000072aa00000, 0x000000072ac00000|  0%| F|  |TAMS 0x000000072aa00000| PB 0x000000072aa00000| Untracked |  0
|  67|0x000000072ac00000, 0x000000072ac00000, 0x000000072ae00000|  0%| F|  |TAMS 0x000000072ac00000| PB 0x000000072ac00000| Untracked |  0
|  68|0x000000072ae00000, 0x000000072ae00000, 0x000000072b000000|  0%| F|  |TAMS 0x000000072ae00000| PB 0x000000072ae00000| Untracked |  0
|  69|0x000000072b000000, 0x000000072b000000, 0x000000072b200000|  0%| F|  |TAMS 0x000000072b000000| PB 0x000000072b000000| Untracked |  0
|  70|0x000000072b200000, 0x000000072b200000, 0x000000072b400000|  0%| F|  |TAMS 0x000000072b200000| PB 0x000000072b200000| Untracked |  0
|  71|0x000000072b400000, 0x000000072b400000, 0x000000072b600000|  0%| F|  |TAMS 0x000000072b400000| PB 0x000000072b400000| Untracked |  0
|  72|0x000000072b600000, 0x000000072b600000, 0x000000072b800000|  0%| F|  |TAMS 0x000000072b600000| PB 0x000000072b600000| Untracked |  0
|  73|0x000000072b800000, 0x000000072b800000, 0x000000072ba00000|  0%| F|  |TAMS 0x000000072b800000| PB 0x000000072b800000| Untracked |  0
|  74|0x000000072ba00000, 0x000000072ba00000, 0x000000072bc00000|  0%| F|  |TAMS 0x000000072ba00000| PB 0x000000072ba00000| Untracked |  0
|  75|0x000000072bc00000, 0x000000072bc00000, 0x000000072be00000|  0%| F|  |TAMS 0x000000072bc00000| PB 0x000000072bc00000| Untracked |  0
|  76|0x000000072be00000, 0x000000072be00000, 0x000000072c000000|  0%| F|  |TAMS 0x000000072be00000| PB 0x000000072be00000| Untracked |  0
|  77|0x000000072c000000, 0x000000072c000000, 0x000000072c200000|  0%| F|  |TAMS 0x000000072c000000| PB 0x000000072c000000| Untracked |  0
|  78|0x000000072c200000, 0x000000072c200000, 0x000000072c400000|  0%| F|  |TAMS 0x000000072c200000| PB 0x000000072c200000| Untracked |  0
|  79|0x000000072c400000, 0x000000072c400000, 0x000000072c600000|  0%| F|  |TAMS 0x000000072c400000| PB 0x000000072c400000| Untracked |  0
|  80|0x000000072c600000, 0x000000072c600000, 0x000000072c800000|  0%| F|  |TAMS 0x000000072c600000| PB 0x000000072c600000| Untracked |  0
|  81|0x000000072c800000, 0x000000072c800000, 0x000000072ca00000|  0%| F|  |TAMS 0x000000072c800000| PB 0x000000072c800000| Untracked |  0
|  82|0x000000072ca00000, 0x000000072ca00000, 0x000000072cc00000|  0%| F|  |TAMS 0x000000072ca00000| PB 0x000000072ca00000| Untracked |  0
|  83|0x000000072cc00000, 0x000000072cc00000, 0x000000072ce00000|  0%| F|  |TAMS 0x000000072cc00000| PB 0x000000072cc00000| Untracked |  0
|  84|0x000000072ce00000, 0x000000072d000000, 0x000000072d000000|100%| S|CS|TAMS 0x000000072ce00000| PB 0x000000072ce00000| Complete |  0
|  85|0x000000072d000000, 0x000000072d200000, 0x000000072d200000|100%| S|CS|TAMS 0x000000072d000000| PB 0x000000072d000000| Complete |  0
|  86|0x000000072d200000, 0x000000072d400000, 0x000000072d400000|100%| S|CS|TAMS 0x000000072d200000| PB 0x000000072d200000| Complete |  0
|  87|0x000000072d400000, 0x000000072d400000, 0x000000072d600000|  0%| F|  |TAMS 0x000000072d400000| PB 0x000000072d400000| Untracked |  0
|  88|0x000000072d600000, 0x000000072d600000, 0x000000072d800000|  0%| F|  |TAMS 0x000000072d600000| PB 0x000000072d600000| Untracked |  0
|  89|0x000000072d800000, 0x000000072d800000, 0x000000072da00000|  0%| F|  |TAMS 0x000000072d800000| PB 0x000000072d800000| Untracked |  0
|  90|0x000000072da00000, 0x000000072da00000, 0x000000072dc00000|  0%| F|  |TAMS 0x000000072da00000| PB 0x000000072da00000| Untracked |  0
|  91|0x000000072dc00000, 0x000000072dc00000, 0x000000072de00000|  0%| F|  |TAMS 0x000000072dc00000| PB 0x000000072dc00000| Untracked |  0
|  92|0x000000072de00000, 0x000000072de00000, 0x000000072e000000|  0%| F|  |TAMS 0x000000072de00000| PB 0x000000072de00000| Untracked |  0
|  93|0x000000072e000000, 0x000000072e000000, 0x000000072e200000|  0%| F|  |TAMS 0x000000072e000000| PB 0x000000072e000000| Untracked |  0
|  94|0x000000072e200000, 0x000000072e200000, 0x000000072e400000|  0%| F|  |TAMS 0x000000072e200000| PB 0x000000072e200000| Untracked |  0
|  95|0x000000072e400000, 0x000000072e400000, 0x000000072e600000|  0%| F|  |TAMS 0x000000072e400000| PB 0x000000072e400000| Untracked |  0
|  96|0x000000072e600000, 0x000000072e600000, 0x000000072e800000|  0%| F|  |TAMS 0x000000072e600000| PB 0x000000072e600000| Untracked |  0
|  97|0x000000072e800000, 0x000000072e800000, 0x000000072ea00000|  0%| F|  |TAMS 0x000000072e800000| PB 0x000000072e800000| Untracked |  0
|  98|0x000000072ea00000, 0x000000072ea00000, 0x000000072ec00000|  0%| F|  |TAMS 0x000000072ea00000| PB 0x000000072ea00000| Untracked |  0
|  99|0x000000072ec00000, 0x000000072ec00000, 0x000000072ee00000|  0%| F|  |TAMS 0x000000072ec00000| PB 0x000000072ec00000| Untracked |  0
| 100|0x000000072ee00000, 0x000000072ee00000, 0x000000072f000000|  0%| F|  |TAMS 0x000000072ee00000| PB 0x000000072ee00000| Untracked |  0
| 101|0x000000072f000000, 0x000000072f000000, 0x000000072f200000|  0%| F|  |TAMS 0x000000072f000000| PB 0x000000072f000000| Untracked |  0
| 102|0x000000072f200000, 0x000000072f200000, 0x000000072f400000|  0%| F|  |TAMS 0x000000072f200000| PB 0x000000072f200000| Untracked |  0
| 103|0x000000072f400000, 0x000000072f4f0a70, 0x000000072f600000| 47%| E|  |TAMS 0x000000072f400000| PB 0x000000072f400000| Complete |  0
| 104|0x000000072f600000, 0x000000072f800000, 0x000000072f800000|100%| E|CS|TAMS 0x000000072f600000| PB 0x000000072f600000| Complete |  0
| 105|0x000000072f800000, 0x000000072fa00000, 0x000000072fa00000|100%| E|CS|TAMS 0x000000072f800000| PB 0x000000072f800000| Complete |  0
| 106|0x000000072fa00000, 0x000000072fc00000, 0x000000072fc00000|100%| E|CS|TAMS 0x000000072fa00000| PB 0x000000072fa00000| Complete |  0
| 107|0x000000072fc00000, 0x000000072fe00000, 0x000000072fe00000|100%| E|CS|TAMS 0x000000072fc00000| PB 0x000000072fc00000| Complete |  0
| 108|0x000000072fe00000, 0x0000000730000000, 0x0000000730000000|100%| E|CS|TAMS 0x000000072fe00000| PB 0x000000072fe00000| Complete |  0
| 109|0x0000000730000000, 0x0000000730200000, 0x0000000730200000|100%| E|CS|TAMS 0x0000000730000000| PB 0x0000000730000000| Complete |  0
| 110|0x0000000730200000, 0x0000000730400000, 0x0000000730400000|100%| E|CS|TAMS 0x0000000730200000| PB 0x0000000730200000| Complete |  0
|1772|0x00000007ffe00000, 0x00000007fff32f20, 0x0000000800000000| 59%| O|  |TAMS 0x00000007ffe00000| PB 0x00000007ffe00000| Untracked |  0

Card table byte_map: [0x000001bed6f50000,0x000001bed7640000] _byte_map_base: 0x000001bed363d000

Marking Bits: (CMBitMap*) 0x000001bebd25c860
 Bits: [0x000001bed7640000, 0x000001bedada8000)

Polling page: 0x000001bebb010000

Metaspace:
Metaspace        used 20236K, committed 20480K, reserved 1114112K
 class space     used 2559K, committed 2688K, reserved 1048576K

Usage:
  Non-class:     17.26 MB used.
      Class:      2.50 MB used.
       Both:     19.76 MB used.

Virtual space:
  Non-class space:       64.00 MB reserved,      17.38 MB ( 27%) committed,  1 nodes.
      Class space:        1.00 GB reserved,       2.62 MB ( <1%) committed,  1 nodes.
             Both:        1.06 GB reserved,      20.00 MB (  2%) committed. 

Chunk freelists:
   Non-Class:  14.20 MB
       Class:  13.27 MB
        Both:  27.47 MB

MaxMetaspaceSize: unlimited
CompressedClassSpaceSize: 1.00 GB
Initial GC threshold: 21.00 MB
Current GC threshold: 21.00 MB
CDS: on
 - commit_granule_bytes: 65536.
 - commit_granule_words: 8192.
 - virtual_space_node_default_size: 8388608.
 - enlarge_chunks_in_place: 1.
UseCompressedClassPointers 1, UseCompactObjectHeaders 0
Narrow klass pointer bits 32, Max shift 3
Narrow klass base: 0x000000009e000000, Narrow klass shift: 0
Encoding Range: [0x000000009e000000 - 0x000000019e000000), (4294967296 bytes)
Klass Range:    [0x000000009e010000 - 0x00000000df000000), (1090453504 bytes)
Klass ID Range:  [65536 - 1090519033) (1090453497)
Protection zone: [0x000000009e000000 - 0x000000009e010000), (65536 bytes)


Internal statistics:

num_allocs_failed_limit: 0.
num_arena_births: 240.
num_arena_deaths: 0.
num_vsnodes_births: 2.
num_vsnodes_deaths: 0.
num_space_committed: 320.
num_space_uncommitted: 0.
num_chunks_returned_to_freelist: 0.
num_chunks_taken_from_freelist: 898.
num_chunk_merges: 0.
num_chunk_splits: 645.
num_chunks_enlarged: 529.
num_inconsistent_stats: 0.

CodeHeap 'non-profiled nmethods': size=120064Kb used=1284Kb max_used=1284Kb free=118779Kb
 bounds [0x000001bececa0000, 0x000001becef10000, 0x000001bed61e0000]
CodeHeap 'profiled nmethods': size=120000Kb used=7055Kb max_used=7055Kb free=112944Kb
 bounds [0x000001bec71e0000, 0x000001bec78d0000, 0x000001bece710000]
CodeHeap 'non-nmethods': size=5696Kb used=1738Kb max_used=1800Kb free=3957Kb
 bounds [0x000001bece710000, 0x000001bece980000, 0x000001bececa0000]
CodeCache: size=245760Kb, used=10077Kb, max_used=10139Kb, free=235680Kb
 total_blobs=4945, nmethods=4083, adapters=765, full_count=0
Compilation: enabled, stopped_count=0, restarted_count=0

Compilation events (20 events):
Event: 11.663 Thread 0x000001bedda77f80 4113       3       javafx.scene.Node::updateLocalBounds (67 bytes)
Event: 11.663 Thread 0x000001bedda77f80 nmethod 4113 0x000001bec78c0608 code [0x000001bec78c0700, 0x000001bec78c1368]
Event: 11.932 Thread 0x000001bedda77f80 4114       3       javafx.scene.shape.Rectangle::getArcWidth (19 bytes)
Event: 11.933 Thread 0x000001bedda77f80 nmethod 4114 0x000001bec78c1388 code [0x000001bec78c1480, 0x000001bec78c1810]
Event: 11.933 Thread 0x000001bedda77f80 4115       3       javafx.scene.shape.Rectangle::getX (19 bytes)
Event: 11.933 Thread 0x000001bedda77f80 nmethod 4115 0x000001bec78c1888 code [0x000001bec78c1980, 0x000001bec78c1d10]
Event: 11.933 Thread 0x000001bedda77f80 4116       3       javafx.scene.shape.Rectangle::getY (19 bytes)
Event: 11.933 Thread 0x000001bedda77f80 nmethod 4116 0x000001bec78c1d88 code [0x000001bec78c1e80, 0x000001bec78c2210]
Event: 11.933 Thread 0x000001bedda77f80 4117       3       javafx.scene.shape.Rectangle::getWidth (8 bytes)
Event: 11.934 Thread 0x000001bedda77f80 nmethod 4117 0x000001bec78c2288 code [0x000001bec78c2380, 0x000001bec78c26a8]
Event: 11.934 Thread 0x000001bedda77f80 4118       3       javafx.scene.shape.Rectangle::getHeight (8 bytes)
Event: 11.934 Thread 0x000001bedda77f80 nmethod 4118 0x000001bec78c2708 code [0x000001bec78c2800, 0x000001bec78c2b28]
Event: 12.017 Thread 0x000001bedda77f80 4119       3       com.sun.javafx.binding.BindingHelperObserver::invalidated (32 bytes)
Event: 12.018 Thread 0x000001bedda77f80 nmethod 4119 0x000001bec78c2b88 code [0x000001bec78c2c80, 0x000001bec78c3130]
Event: 12.412 Thread 0x000001bedda77f80 4120       3       com.sun.javafx.animation.TickCalculation::fromMillis (9 bytes)
Event: 12.412 Thread 0x000001bedda77f80 nmethod 4120 0x000001bec78c3188 code [0x000001bec78c32a0, 0x000001bec78c33b8]
Event: 12.412 Thread 0x000001bedda77f80 4121       3       javafx.collections.ObservableListBase::setAll (9 bytes)
Event: 12.413 Thread 0x000001bedda77f80 nmethod 4121 0x000001bec78c3488 code [0x000001bec78c3580, 0x000001bec78c3b50]
Event: 12.888 Thread 0x000001bedda77f80 4122       3       javafx.animation.Animation::getStatus (24 bytes)
Event: 12.889 Thread 0x000001bedda77f80 nmethod 4122 0x000001bec78c3b88 code [0x000001bec78c3c80, 0x000001bec78c3f68]

GC Heap Usage History (2 events):
Event: 2.091 {heap Before GC invocations=0 (full 0):
 garbage-first heap   total reserved 3631104K, committed 229376K, used 48331K [0x0000000722600000, 0x0000000800000000)
  region size 2048K, 24 young (49152K), 0 survivors (0K)
}
Event: 2.101 {heap After GC invocations=1 (full 0):
 garbage-first heap   total reserved 3631104K, committed 229376K, used 9125K [0x0000000722600000, 0x0000000800000000)
  region size 2048K, 3 young (6144K), 3 survivors (6144K)
}

Metaspace Usage History (2 events):
Event: 2.091 {metaspace Before GC invocations=0 (full 0):
 Metaspace       used 15375K, committed 15616K, reserved 1114112K
  class space    used 1912K, committed 2048K, reserved 1048576K
}
Event: 2.101 {metaspace After GC invocations=1 (full 0):
 Metaspace       used 15375K, committed 15616K, reserved 1114112K
  class space    used 1912K, committed 2048K, reserved 1048576K
}

Dll operation events (20 events):
Event: 0.443 Loaded shared library C:\Users\jonas\.jdks\liberica-full-25\bin\api-ms-win-crt-heap-l1-1-0.dll
Event: 0.448 Loaded shared library C:\Users\jonas\.jdks\liberica-full-25\bin\api-ms-win-crt-locale-l1-1-0.dll
Event: 0.451 Loaded shared library C:\Users\jonas\.jdks\liberica-full-25\bin\api-ms-win-crt-math-l1-1-0.dll
Event: 0.455 Loaded shared library C:\Users\jonas\.jdks\liberica-full-25\bin\api-ms-win-crt-multibyte-l1-1-0.dll
Event: 0.458 Loaded shared library C:\Users\jonas\.jdks\liberica-full-25\bin\api-ms-win-crt-private-l1-1-0.dll
Event: 0.461 Loaded shared library C:\Users\jonas\.jdks\liberica-full-25\bin\api-ms-win-crt-process-l1-1-0.dll
Event: 0.465 Loaded shared library C:\Users\jonas\.jdks\liberica-full-25\bin\api-ms-win-crt-runtime-l1-1-0.dll
Event: 0.468 Loaded shared library C:\Users\jonas\.jdks\liberica-full-25\bin\api-ms-win-crt-stdio-l1-1-0.dll
Event: 0.472 Loaded shared library C:\Users\jonas\.jdks\liberica-full-25\bin\api-ms-win-crt-string-l1-1-0.dll
Event: 0.476 Loaded shared library C:\Users\jonas\.jdks\liberica-full-25\bin\api-ms-win-crt-time-l1-1-0.dll
Event: 0.480 Loaded shared library C:\Users\jonas\.jdks\liberica-full-25\bin\api-ms-win-crt-utility-l1-1-0.dll
Event: 0.484 Loaded shared library C:\Users\jonas\.jdks\liberica-full-25\bin\ucrtbase.dll
Event: 0.488 Loaded shared library C:\Users\jonas\.jdks\liberica-full-25\bin\vcruntime140.dll
Event: 0.491 Loaded shared library C:\Users\jonas\.jdks\liberica-full-25\bin\vcruntime140_1.dll
Event: 0.494 Loaded shared library C:\Users\jonas\.jdks\liberica-full-25\bin\msvcp140.dll
Event: 0.498 Loaded shared library C:\Users\jonas\.jdks\liberica-full-25\bin\msvcp140_1.dll
Event: 0.501 Loaded shared library C:\Users\jonas\.jdks\liberica-full-25\bin\msvcp140_2.dll
Event: 0.547 Loaded shared library C:\Users\jonas\.jdks\liberica-full-25\bin\prism_d3d.dll
Event: 0.608 Loaded shared library C:\Users\jonas\.jdks\liberica-full-25\bin\glass.dll
Event: 1.245 Loaded shared library C:\Users\jonas\.jdks\liberica-full-25\bin\javafx_font.dll

Deoptimization events (20 events):
Event: 6.445 Thread 0x000001bee2564fb0 Uncommon trap: trap_request=0xffffff45 fr.pc=0x000001beced2febc relative=0x00000000000000bc
Event: 6.445 Thread 0x000001bee2564fb0 Uncommon trap: reason=unstable_if action=reinterpret pc=0x000001beced2febc method=com.sun.javafx.css.FixedCapacitySet$Single$1.<init>(Lcom/sun/javafx/css/FixedCapacitySet$Single;)V @ 17 c2
Event: 6.445 Thread 0x000001bee2564fb0 DEOPT PACKING pc=0x000001beced2febc sp=0x000000a0499fa6c0
Event: 6.445 Thread 0x000001bee2564fb0 DEOPT UNPACKING pc=0x000001bece82ec82 sp=0x000000a0499fa5e8 mode 2
Event: 6.455 Thread 0x000001bee2564fb0 Uncommon trap: trap_request=0xffffff45 fr.pc=0x000001beced3eee8 relative=0x0000000000000068
Event: 6.455 Thread 0x000001bee2564fb0 Uncommon trap: reason=unstable_if action=reinterpret pc=0x000001beced3eee8 method=java.util.Objects.equals(Ljava/lang/Object;Ljava/lang/Object;)Z @ 6 c2
Event: 6.455 Thread 0x000001bee2564fb0 DEOPT PACKING pc=0x000001beced3eee8 sp=0x000000a0499faa60
Event: 6.455 Thread 0x000001bee2564fb0 DEOPT UNPACKING pc=0x000001bece82ec82 sp=0x000000a0499faa00 mode 2
Event: 8.245 Thread 0x000001bee2564fb0 Uncommon trap: trap_request=0xffffffde fr.pc=0x000001bececee10c relative=0x000000000000010c
Event: 8.245 Thread 0x000001bee2564fb0 Uncommon trap: reason=class_check action=maybe_recompile pc=0x000001bececee10c method=java.lang.Character.codePointAt(Ljava/lang/CharSequence;I)I @ 2 c2
Event: 8.245 Thread 0x000001bee2564fb0 DEOPT PACKING pc=0x000001bececee10c sp=0x000000a0499fc8e0
Event: 8.245 Thread 0x000001bee2564fb0 DEOPT UNPACKING pc=0x000001bece82ec82 sp=0x000000a0499fc878 mode 2
Event: 8.245 Thread 0x000001bee2564fb0 Uncommon trap: trap_request=0xffffffde fr.pc=0x000001bececee10c relative=0x000000000000010c
Event: 8.245 Thread 0x000001bee2564fb0 Uncommon trap: reason=class_check action=maybe_recompile pc=0x000001bececee10c method=java.lang.Character.codePointAt(Ljava/lang/CharSequence;I)I @ 2 c2
Event: 8.245 Thread 0x000001bee2564fb0 DEOPT PACKING pc=0x000001bececee10c sp=0x000000a0499fc8e0
Event: 8.245 Thread 0x000001bee2564fb0 DEOPT UNPACKING pc=0x000001bece82ec82 sp=0x000000a0499fc878 mode 2
Event: 8.245 Thread 0x000001bee2564fb0 Uncommon trap: trap_request=0xffffffde fr.pc=0x000001bececee10c relative=0x000000000000010c
Event: 8.245 Thread 0x000001bee2564fb0 Uncommon trap: reason=class_check action=maybe_recompile pc=0x000001bececee10c method=java.lang.Character.codePointAt(Ljava/lang/CharSequence;I)I @ 2 c2
Event: 8.245 Thread 0x000001bee2564fb0 DEOPT PACKING pc=0x000001bececee10c sp=0x000000a0499fc8e0
Event: 8.245 Thread 0x000001bee2564fb0 DEOPT UNPACKING pc=0x000001bece82ec82 sp=0x000000a0499fc878 mode 2

Classes loaded (20 events):
Event: 6.433 Loading class java/util/AbstractMap$SimpleEntry
Event: 6.433 Loading class java/util/AbstractMap$SimpleEntry done
Event: 6.456 Loading class java/util/TreeSet
Event: 6.456 Loading class java/util/TreeSet done
Event: 8.243 Loading class java/text/BreakIterator
Event: 8.243 Loading class java/text/BreakIterator done
Event: 8.244 Loading class sun/util/locale/provider/BreakIteratorProviderImpl$GraphemeBreakIterator
Event: 8.244 Loading class sun/util/locale/provider/BreakIteratorProviderImpl$GraphemeBreakIterator done
Event: 8.244 Loading class java/text/StringCharacterIterator
Event: 8.244 Loading class java/text/StringCharacterIterator done
Event: 8.244 Loading class sun/util/locale/provider/BreakIteratorProviderImpl$CharacterIteratorCharSequence
Event: 8.244 Loading class sun/util/locale/provider/BreakIteratorProviderImpl$CharacterIteratorCharSequence done
Event: 8.244 Loading class java/text/BreakIterator$BreakIteratorCache
Event: 8.244 Loading class java/text/BreakIterator$BreakIteratorCache done
Event: 8.244 Loading class jdk/internal/util/regex/Grapheme
Event: 8.245 Loading class jdk/internal/util/regex/Grapheme done
Event: 8.245 Loading class jdk/internal/util/regex/IndicConjunctBreak
Event: 8.245 Loading class jdk/internal/util/regex/IndicConjunctBreak done
Event: 82.120 Loading class jdk/internal/misc/Signal$1
Event: 82.120 Loading class jdk/internal/misc/Signal$1 done

Classes unloaded (0 events):
No events

Classes redefined (0 events):
No events

Internal exceptions (20 events):
Event: 1.698 Thread 0x000001bee2564fb0 Exception <a 'java/lang/NoSuchMethodError'{0x000000072e2c8de8}: 'java.lang.Object java.lang.invoke.DirectMethodHandle$Holder.invokeInterface(java.lang.Object, java.lang.Object, java.lang.Object)'> (0x000000072e2c8de8) 
thrown [s\src\hotspot\share\interpreter\linkResolver.cpp, line 804]
Event: 1.699 Thread 0x000001bee2564fb0 Exception <a 'java/lang/IncompatibleClassChangeError'{0x000000072e2d0e78}: Found class java.lang.Object, but interface was expected> (0x000000072e2d0e78) 
thrown [s\src\hotspot\share\interpreter\linkResolver.cpp, line 871]
Event: 1.812 Thread 0x000001bee2564fb0 Exception <a 'java/lang/ClassNotFoundException'{0x000000072de1f580}: com/sun/javafx/scene/control/skin/resources/controls> (0x000000072de1f580) 
thrown [s\src\hotspot\share\prims\jni.cpp, line 534]
Event: 1.813 Thread 0x000001bee2564fb0 Exception <a 'java/lang/ClassNotFoundException'{0x000000072de2d528}: com/sun/javafx/scene/control/skin/resources/controls_da> (0x000000072de2d528) 
thrown [s\src\hotspot\share\prims\jni.cpp, line 534]
Event: 1.813 Thread 0x000001bee2564fb0 Exception <a 'java/lang/ClassNotFoundException'{0x000000072de2e2b8}: com/sun/javafx/scene/control/skin/resources/controls_da_DK> (0x000000072de2e2b8) 
thrown [s\src\hotspot\share\prims\jni.cpp, line 534]
Event: 2.115 Thread 0x000001bee2564fb0 Exception <a 'java/lang/NoSuchMethodError'{0x000000073022dc18}: 'void java.lang.invoke.DirectMethodHandle$Holder.invokeSpecial(java.lang.Object, java.lang.Object, java.lang.Object, java.lang.Object, java.lang.Object, java.lang.Object)'> (0x000000073022dc18) 
thrown [s\src\hotspot\share\interpreter\linkResolver.cpp, line 804]
Event: 2.218 Thread 0x000001bee2564fb0 Exception <a 'java/lang/NoSuchMethodError'{0x000000073000fcd8}: 'java.lang.Object java.lang.invoke.DirectMethodHandle$Holder.newInvokeSpecial(java.lang.Object, java.lang.Object, int)'> (0x000000073000fcd8) 
thrown [s\src\hotspot\share\interpreter\linkResolver.cpp, line 804]
Event: 2.327 Thread 0x000001bee2564fb0 Exception <a 'java/lang/NoSuchMethodError'{0x000000073002e5d8}: 'void java.lang.invoke.Invokers$Holder.invokeExact_MT(java.lang.Object, java.lang.Object, java.lang.Object, java.lang.Object)'> (0x000000073002e5d8) 
thrown [s\src\hotspot\share\interpreter\linkResolver.cpp, line 804]
Event: 2.443 Thread 0x000001bedda5f0a0 Exception <a 'java/lang/NoSuchMethodError'{0x000000072fec0cc0}: 'int java.lang.invoke.DirectMethodHandle$Holder.invokeStaticInit(java.lang.Object, java.lang.Object)'> (0x000000072fec0cc0) 
thrown [s\src\hotspot\share\interpreter\linkResolver.cpp, line 804]
Event: 2.451 Thread 0x000001bee2564fb0 Exception <a 'java/lang/NoSuchMethodError'{0x000000072fe7b5d8}: 'long java.lang.invoke.DirectMethodHandle$Holder.invokeStaticInit(java.lang.Object, java.lang.Object, java.lang.Object)'> (0x000000072fe7b5d8) 
thrown [s\src\hotspot\share\interpreter\linkResolver.cpp, line 804]
Event: 2.482 Thread 0x000001bedda5f0a0 Exception <a 'java/lang/NoSuchMethodError'{0x000000072ffd85a0}: 'long java.lang.invoke.DirectMethodHandle$Holder.invokeStatic(java.lang.Object, java.lang.Object)'> (0x000000072ffd85a0) 
thrown [s\src\hotspot\share\interpreter\linkResolver.cpp, line 804]
Event: 2.483 Thread 0x000001bedda5f0a0 Exception <a 'java/lang/NoSuchMethodError'{0x000000072ffe05f8}: 'long java.lang.invoke.DirectMethodHandle$Holder.invokeStaticInit(java.lang.Object, java.lang.Object)'> (0x000000072ffe05f8) 
thrown [s\src\hotspot\share\interpreter\linkResolver.cpp, line 804]
Event: 2.483 Thread 0x000001bedda5f0a0 Exception <a 'java/lang/NoSuchMethodError'{0x000000072ffe8c80}: 'java.lang.Object java.lang.invoke.DirectMethodHandle$Holder.invokeStatic(java.lang.Object, long, java.lang.Object)'> (0x000000072ffe8c80) 
thrown [s\src\hotspot\share\interpreter\linkResolver.cpp, line 804]
Event: 2.483 Thread 0x000001bedda5f0a0 Exception <a 'java/lang/NoSuchMethodError'{0x000000072fff0dd0}: 'java.lang.Object java.lang.invoke.DirectMethodHandle$Holder.invokeStaticInit(java.lang.Object, long, java.lang.Object)'> (0x000000072fff0dd0) 
thrown [s\src\hotspot\share\interpreter\linkResolver.cpp, line 804]
Event: 2.484 Thread 0x000001bedda5f0a0 Exception <a 'java/lang/NoSuchMethodError'{0x000000072fff95b0}: 'java.lang.Object java.lang.invoke.DirectMethodHandle$Holder.invokeStaticInit(java.lang.Object, long)'> (0x000000072fff95b0) 
thrown [s\src\hotspot\share\interpreter\linkResolver.cpp, line 804]
Event: 2.501 Thread 0x000001bedda5f0a0 Exception <a 'java/lang/NoSuchMethodError'{0x000000072fc65a90}: 'long java.lang.invoke.DirectMethodHandle$Holder.invokeStaticInit(java.lang.Object, long, long, long, long)'> (0x000000072fc65a90) 
thrown [s\src\hotspot\share\interpreter\linkResolver.cpp, line 804]
Event: 2.502 Thread 0x000001bedda5f0a0 Exception <a 'java/lang/NoSuchMethodError'{0x000000072fc6e710}: 'java.lang.Object java.lang.invoke.DirectMethodHandle$Holder.invokeInterface(java.lang.Object, java.lang.Object, long, long)'> (0x000000072fc6e710) 
thrown [s\src\hotspot\share\interpreter\linkResolver.cpp, line 804]
Event: 2.503 Thread 0x000001bedda5f0a0 Exception <a 'java/lang/NoSuchMethodError'{0x000000072fc86ce8}: 'void java.lang.invoke.DirectMethodHandle$Holder.invokeStaticInit(java.lang.Object, java.lang.Object, long, java.lang.Object)'> (0x000000072fc86ce8) 
thrown [s\src\hotspot\share\interpreter\linkResolver.cpp, line 804]
Event: 2.504 Thread 0x000001bedda5f0a0 Exception <a 'java/lang/NoSuchMethodError'{0x000000072fc8f520}: 'long java.lang.invoke.DirectMethodHandle$Holder.invokeStatic(java.lang.Object, long, long)'> (0x000000072fc8f520) 
thrown [s\src\hotspot\share\interpreter\linkResolver.cpp, line 804]
Event: 3.909 Thread 0x000001bee2564fb0 Exception <a 'java/lang/NoSuchMethodError'{0x000000072fa31ed0}: 'void java.lang.invoke.DirectMethodHandle$Holder.invokeVirtual(java.lang.Object, java.lang.Object)'> (0x000000072fa31ed0) 
thrown [s\src\hotspot\share\interpreter\linkResolver.cpp, line 804]

VM Operations (20 events):
Event: 1.637 Executing non-safepoint VM operation: HandshakeAllThreads (Deoptimize) done
Event: 1.669 Executing non-safepoint VM operation: HandshakeAllThreads (Deoptimize)
Event: 1.669 Executing non-safepoint VM operation: HandshakeAllThreads (Deoptimize) done
Event: 2.049 Executing non-safepoint VM operation: HandshakeAllThreads (Deoptimize)
Event: 2.049 Executing non-safepoint VM operation: HandshakeAllThreads (Deoptimize) done
Event: 2.091 Executing safepoint VM operation: G1CollectForAllocation (G1 Evacuation Pause)
Event: 2.101 Executing safepoint VM operation: G1CollectForAllocation (G1 Evacuation Pause) done
Event: 2.112 Executing non-safepoint VM operation: HandshakeAllThreads (Deoptimize)
Event: 2.112 Executing non-safepoint VM operation: HandshakeAllThreads (Deoptimize) done
Event: 2.113 Executing non-safepoint VM operation: HandshakeAllThreads (Deoptimize)
Event: 2.113 Executing non-safepoint VM operation: HandshakeAllThreads (Deoptimize) done
Event: 2.490 Executing non-safepoint VM operation: HandshakeAllThreads (Deoptimize)
Event: 2.491 Executing non-safepoint VM operation: HandshakeAllThreads (Deoptimize) done
Event: 6.427 Executing non-safepoint VM operation: HandshakeAllThreads (Deoptimize)
Event: 6.427 Executing non-safepoint VM operation: HandshakeAllThreads (Deoptimize) done
Event: 60.047 Executing non-safepoint VM operation: HandshakeAllThreads (HandshakeForDeflation)
Event: 60.047 Executing non-safepoint VM operation: HandshakeAllThreads (HandshakeForDeflation) done
Event: 60.047 Executing non-safepoint VM operation: RendezvousGCThreads
Event: 60.047 Executing non-safepoint VM operation: RendezvousGCThreads done
Event: 82.126 Executing safepoint VM operation: Exit

Memory protections (0 events):
No events

Nmethod flushes (0 events):
No events

Events (20 events):
Event: 0.536 Thread 0x000001beddb1e820 Thread exited: 0x000001beddb1e820
Event: 0.537 Thread 0x000001bebadd3b00 Thread added: 0x000001bedda5f0a0
Event: 0.610 Thread 0x000001bebadd3b00 Thread added: 0x000001bee2563840
Event: 0.615 Thread 0x000001bebadd3b00 Thread added: 0x000001bee2564fb0
Event: 0.804 Thread 0x000001bebadd3b00 Thread added: 0x000001bee263b7d0
Event: 0.811 Thread 0x000001bee263b000 Thread added: 0x000001bee263b000
Event: 0.897 Thread 0x000001bedda77f80 Thread added: 0x000001beddb1e010
Event: 0.908 Thread 0x000001bedda77f80 Thread added: 0x000001beddb1cff0
Event: 1.424 Thread 0x000001bee2564fb0 Thread added: 0x000001bee77df800
Event: 2.466 Thread 0x000001bedda5f0a0 Thread added: 0x000001bee7d75610
Event: 2.917 Thread 0x000001beddb1cff0 Thread exited: 0x000001beddb1cff0
Event: 2.917 Thread 0x000001beddb1e010 Thread exited: 0x000001beddb1e010
Event: 6.557 Thread 0x000001bedda77f80 Thread added: 0x000001beddb1e010
Event: 6.798 Thread 0x000001beddb1e010 Thread exited: 0x000001beddb1e010
Event: 82.120 Thread 0x000001bedda58b00 Thread added: 0x000001bee210c2c0
Event: 82.121 Thread 0x000001bee210c2c0 Thread added: 0x000001bee210d260
Event: 82.124 Thread 0x000001bee210d260 Thread added: 0x000001bee210da30
Event: 82.125 Thread 0x000001bee210da30 Thread exited: 0x000001bee210da30
Event: 82.125 Thread 0x000001bee210d260 Thread exited: 0x000001bee210d260
Event: 82.125 Thread 0x000001bee210c2c0 Before exit entered


Dynamic libraries:
0x00007ff7ba670000 - 0x00007ff7ba67e000 	C:\Users\jonas\.jdks\liberica-full-25\bin\java.exe
0x00007fff62320000 - 0x00007fff62588000 	C:\Windows\SYSTEM32\ntdll.dll
0x00007fff616d0000 - 0x00007fff61799000 	C:\Windows\System32\KERNEL32.DLL
0x00007fff5f470000 - 0x00007fff5f868000 	C:\Windows\System32\KERNELBASE.dll
0x00007fff5fbf0000 - 0x00007fff5fd3b000 	C:\Windows\System32\ucrtbase.dll
0x00007fff5c020000 - 0x00007fff5c036000 	C:\Users\jonas\.jdks\liberica-full-25\bin\jli.dll
0x00007fff59c10000 - 0x00007fff59c2b000 	C:\Users\jonas\.jdks\liberica-full-25\bin\VCRUNTIME140.dll
0x00007fff61f30000 - 0x00007fff620f7000 	C:\Windows\System32\USER32.dll
0x00007fff50420000 - 0x00007fff506b4000 	C:\Windows\WinSxS\amd64_microsoft.windows.common-controls_6595b64144ccf1df_6.0.26100.7019_none_3e06ffa0e335b8a8\COMCTL32.dll
0x00007fff5fe70000 - 0x00007fff5fe97000 	C:\Windows\System32\win32u.dll
0x00007fff610a0000 - 0x00007fff61149000 	C:\Windows\System32\msvcrt.dll
0x00007fff61f00000 - 0x00007fff61f2b000 	C:\Windows\System32\GDI32.dll
0x00007fff5fd40000 - 0x00007fff5fe6c000 	C:\Windows\System32\gdi32full.dll
0x00007fff5f900000 - 0x00007fff5f9a3000 	C:\Windows\System32\msvcp_win.dll
0x00007fff614f0000 - 0x00007fff61521000 	C:\Windows\System32\IMM32.DLL
0x00007fff5c0c0000 - 0x00007fff5c0cc000 	C:\Users\jonas\.jdks\liberica-full-25\bin\vcruntime140_1.dll
0x00007fff3cde0000 - 0x00007fff3ce6e000 	C:\Users\jonas\.jdks\liberica-full-25\bin\msvcp140.dll
0x00007ffecd580000 - 0x00007ffece4c1000 	C:\Users\jonas\.jdks\liberica-full-25\bin\server\jvm.dll
0x00007fff61d30000 - 0x00007fff61de4000 	C:\Windows\System32\ADVAPI32.dll
0x00007fff62100000 - 0x00007fff621a6000 	C:\Windows\System32\sechost.dll
0x00007fff621b0000 - 0x00007fff622c8000 	C:\Windows\System32\RPCRT4.dll
0x00007fff61cb0000 - 0x00007fff61d24000 	C:\Windows\System32\WS2_32.dll
0x00007fff5f130000 - 0x00007fff5f18e000 	C:\Windows\SYSTEM32\POWRPROF.dll
0x00007fff5c270000 - 0x00007fff5c2a5000 	C:\Windows\SYSTEM32\WINMM.dll
0x00007fff56c10000 - 0x00007fff56c1b000 	C:\Windows\SYSTEM32\VERSION.dll
0x00007fff5f110000 - 0x00007fff5f124000 	C:\Windows\SYSTEM32\UMPDC.dll
0x00007fff5e230000 - 0x00007fff5e24b000 	C:\Windows\SYSTEM32\kernel.appcore.dll
0x00007fff5be20000 - 0x00007fff5be2a000 	C:\Users\jonas\.jdks\liberica-full-25\bin\jimage.dll
0x00007fff5cad0000 - 0x00007fff5cd12000 	C:\Windows\SYSTEM32\DBGHELP.DLL
0x00007fff600c0000 - 0x00007fff6044b000 	C:\Windows\System32\combase.dll
0x00007fff612a0000 - 0x00007fff61377000 	C:\Windows\System32\OLEAUT32.dll
0x00007fff5c230000 - 0x00007fff5c26c000 	C:\Windows\SYSTEM32\dbgcore.DLL
0x00007fff5fea0000 - 0x00007fff5ff45000 	C:\Windows\System32\bcryptPrimitives.dll
0x00007fff5be00000 - 0x00007fff5be0f000 	C:\Users\jonas\.jdks\liberica-full-25\bin\instrument.dll
0x00007fff51230000 - 0x00007fff5124e000 	C:\Users\jonas\.jdks\liberica-full-25\bin\java.dll
0x00007fff61530000 - 0x00007fff616c7000 	C:\Windows\System32\ole32.dll
0x00007fff60510000 - 0x00007fff60c5f000 	C:\Windows\System32\SHELL32.dll
0x00007fff5ff50000 - 0x00007fff600bb000 	C:\Windows\System32\wintypes.dll
0x00007fff5d090000 - 0x00007fff5d8ed000 	C:\Windows\SYSTEM32\windows.storage.dll
0x00007fff611a0000 - 0x00007fff61292000 	C:\Windows\System32\SHCORE.dll
0x00007fff60c70000 - 0x00007fff60cd7000 	C:\Windows\System32\shlwapi.dll
0x00007fff5f390000 - 0x00007fff5f3b9000 	C:\Windows\SYSTEM32\profapi.dll
0x00007fff49320000 - 0x00007fff49337000 	C:\Users\jonas\.jdks\liberica-full-25\bin\zip.dll
0x00007fff4a780000 - 0x00007fff4a790000 	C:\Users\jonas\.jdks\liberica-full-25\bin\net.dll
0x00007fff5e7a0000 - 0x00007fff5e80b000 	C:\Windows\system32\mswsock.dll
0x00007fff49ba0000 - 0x00007fff49bb6000 	C:\Users\jonas\.jdks\liberica-full-25\bin\nio.dll
0x00007fff49b90000 - 0x00007fff49b99000 	C:\Users\jonas\.jdks\liberica-full-25\bin\extnet.dll
0x000001bebb050000 - 0x000001bebb054000 	C:\Users\jonas\.jdks\liberica-full-25\bin\api-ms-win-core-console-l1-1-0.dll
0x000001bebb060000 - 0x000001bebb064000 	C:\Users\jonas\.jdks\liberica-full-25\bin\api-ms-win-core-console-l1-2-0.dll
0x000001bebb070000 - 0x000001bebb074000 	C:\Users\jonas\.jdks\liberica-full-25\bin\api-ms-win-core-datetime-l1-1-0.dll
0x000001bebb080000 - 0x000001bebb084000 	C:\Users\jonas\.jdks\liberica-full-25\bin\api-ms-win-core-debug-l1-1-0.dll
0x000001bebb090000 - 0x000001bebb094000 	C:\Users\jonas\.jdks\liberica-full-25\bin\api-ms-win-core-errorhandling-l1-1-0.dll
0x000001bebb0b0000 - 0x000001bebb0b5000 	C:\Users\jonas\.jdks\liberica-full-25\bin\api-ms-win-core-file-l1-1-0.dll
0x000001bebb0c0000 - 0x000001bebb0c4000 	C:\Users\jonas\.jdks\liberica-full-25\bin\api-ms-win-core-file-l1-2-0.dll
0x000001bebb0d0000 - 0x000001bebb0d4000 	C:\Users\jonas\.jdks\liberica-full-25\bin\api-ms-win-core-file-l2-1-0.dll
0x000001bebb0e0000 - 0x000001bebb0e4000 	C:\Users\jonas\.jdks\liberica-full-25\bin\api-ms-win-core-handle-l1-1-0.dll
0x000001bebd150000 - 0x000001bebd154000 	C:\Users\jonas\.jdks\liberica-full-25\bin\api-ms-win-core-heap-l1-1-0.dll
0x000001bebd160000 - 0x000001bebd164000 	C:\Users\jonas\.jdks\liberica-full-25\bin\api-ms-win-core-interlocked-l1-1-0.dll
0x000001bebd170000 - 0x000001bebd174000 	C:\Users\jonas\.jdks\liberica-full-25\bin\api-ms-win-core-libraryloader-l1-1-0.dll
0x000001bebd180000 - 0x000001bebd184000 	C:\Users\jonas\.jdks\liberica-full-25\bin\api-ms-win-core-localization-l1-2-0.dll
0x000001bebd190000 - 0x000001bebd194000 	C:\Users\jonas\.jdks\liberica-full-25\bin\api-ms-win-core-memory-l1-1-0.dll
0x000001bebd1a0000 - 0x000001bebd1a4000 	C:\Users\jonas\.jdks\liberica-full-25\bin\api-ms-win-core-namedpipe-l1-1-0.dll
0x000001bebd1b0000 - 0x000001bebd1b4000 	C:\Users\jonas\.jdks\liberica-full-25\bin\api-ms-win-core-processenvironment-l1-1-0.dll
0x000001beddef0000 - 0x000001beddef4000 	C:\Users\jonas\.jdks\liberica-full-25\bin\api-ms-win-core-processthreads-l1-1-0.dll
0x000001beddf00000 - 0x000001beddf04000 	C:\Users\jonas\.jdks\liberica-full-25\bin\api-ms-win-core-processthreads-l1-1-1.dll
0x000001beddf10000 - 0x000001beddf14000 	C:\Users\jonas\.jdks\liberica-full-25\bin\api-ms-win-core-profile-l1-1-0.dll
0x000001beddf20000 - 0x000001beddf24000 	C:\Users\jonas\.jdks\liberica-full-25\bin\api-ms-win-core-rtlsupport-l1-1-0.dll
0x000001beddf30000 - 0x000001beddf34000 	C:\Users\jonas\.jdks\liberica-full-25\bin\api-ms-win-core-string-l1-1-0.dll
0x000001beddf40000 - 0x000001beddf44000 	C:\Users\jonas\.jdks\liberica-full-25\bin\api-ms-win-core-synch-l1-1-0.dll
0x000001beddf50000 - 0x000001beddf54000 	C:\Users\jonas\.jdks\liberica-full-25\bin\api-ms-win-core-synch-l1-2-0.dll
0x000001beddf60000 - 0x000001beddf64000 	C:\Users\jonas\.jdks\liberica-full-25\bin\api-ms-win-core-sysinfo-l1-1-0.dll
0x000001beddf70000 - 0x000001beddf74000 	C:\Users\jonas\.jdks\liberica-full-25\bin\api-ms-win-core-timezone-l1-1-0.dll
0x000001beddf80000 - 0x000001beddf84000 	C:\Users\jonas\.jdks\liberica-full-25\bin\api-ms-win-core-util-l1-1-0.dll
0x000001beddf90000 - 0x000001beddf94000 	C:\Users\jonas\.jdks\liberica-full-25\bin\api-ms-win-crt-conio-l1-1-0.dll
0x000001beddfa0000 - 0x000001beddfa5000 	C:\Users\jonas\.jdks\liberica-full-25\bin\api-ms-win-crt-convert-l1-1-0.dll
0x000001beddfb0000 - 0x000001beddfb4000 	C:\Users\jonas\.jdks\liberica-full-25\bin\api-ms-win-crt-environment-l1-1-0.dll
0x000001beddfc0000 - 0x000001beddfc4000 	C:\Users\jonas\.jdks\liberica-full-25\bin\api-ms-win-crt-filesystem-l1-1-0.dll
0x000001beddfd0000 - 0x000001beddfd4000 	C:\Users\jonas\.jdks\liberica-full-25\bin\api-ms-win-crt-heap-l1-1-0.dll
0x000001beddfe0000 - 0x000001beddfe4000 	C:\Users\jonas\.jdks\liberica-full-25\bin\api-ms-win-crt-locale-l1-1-0.dll
0x000001beddff0000 - 0x000001beddff6000 	C:\Users\jonas\.jdks\liberica-full-25\bin\api-ms-win-crt-math-l1-1-0.dll
0x000001bee2800000 - 0x000001bee2806000 	C:\Users\jonas\.jdks\liberica-full-25\bin\api-ms-win-crt-multibyte-l1-1-0.dll
0x000001bee2810000 - 0x000001bee2821000 	C:\Users\jonas\.jdks\liberica-full-25\bin\api-ms-win-crt-private-l1-1-0.dll
0x000001bee2830000 - 0x000001bee2834000 	C:\Users\jonas\.jdks\liberica-full-25\bin\api-ms-win-crt-process-l1-1-0.dll
0x000001bee2840000 - 0x000001bee2845000 	C:\Users\jonas\.jdks\liberica-full-25\bin\api-ms-win-crt-runtime-l1-1-0.dll
0x000001bee2850000 - 0x000001bee2855000 	C:\Users\jonas\.jdks\liberica-full-25\bin\api-ms-win-crt-stdio-l1-1-0.dll
0x000001bee2860000 - 0x000001bee2865000 	C:\Users\jonas\.jdks\liberica-full-25\bin\api-ms-win-crt-string-l1-1-0.dll
0x000001bee2870000 - 0x000001bee2874000 	C:\Users\jonas\.jdks\liberica-full-25\bin\api-ms-win-crt-time-l1-1-0.dll
0x000001bee2880000 - 0x000001bee2884000 	C:\Users\jonas\.jdks\liberica-full-25\bin\api-ms-win-crt-utility-l1-1-0.dll
0x00007fff39260000 - 0x00007fff39371000 	C:\Users\jonas\.jdks\liberica-full-25\bin\ucrtbase.dll
0x00007fff49310000 - 0x00007fff49319000 	C:\Users\jonas\.jdks\liberica-full-25\bin\msvcp140_1.dll
0x00007fff40d20000 - 0x00007fff40d50000 	C:\Users\jonas\.jdks\liberica-full-25\bin\msvcp140_2.dll
0x00007fff3e9e0000 - 0x00007fff3ea0f000 	C:\Users\jonas\.jdks\liberica-full-25\bin\prism_d3d.dll
0x00007ffefaec0000 - 0x00007ffefb070000 	C:\Windows\system32\d3d9.dll
0x00007fff5c420000 - 0x00007fff5c450000 	C:\Windows\SYSTEM32\dwmapi.dll
0x00007fff5c460000 - 0x00007fff5c4a3000 	C:\Windows\SYSTEM32\dxcore.dll
0x00007fff5c2b0000 - 0x00007fff5c35a000 	C:\Windows\system32\uxtheme.dll
0x00007fff56c20000 - 0x00007fff56ddb000 	C:\Windows\System32\DriverStore\FileRepository\u0418731.inf_amd64_0f48de5f9a2b4190\B417132\aticfx64.dll
0x00007fff47530000 - 0x00007fff47564000 	C:\Windows\System32\DriverStore\FileRepository\u0418731.inf_amd64_0f48de5f9a2b4190\B417132\atiu9p64.dll
0x00007fff011a0000 - 0x00007fff01ee7000 	C:\Windows\System32\DriverStore\FileRepository\u0418731.inf_amd64_0f48de5f9a2b4190\B417132\atiumd64.dll
0x0000000076af0000 - 0x0000000077a03000 	C:\Windows\System32\DriverStore\FileRepository\u0418731.inf_amd64_0f48de5f9a2b4190\B417132\atiumd6a.dll
0x00007fff61820000 - 0x00007fff61caa000 	C:\Windows\System32\SETUPAPI.dll
0x00007fff53650000 - 0x00007fff53685000 	C:\Windows\SYSTEM32\amdihk64.dll
0x00007fff585f0000 - 0x00007fff58653000 	C:\Windows\SYSTEM32\directxdatabasehelper.dll
0x00007fff30e90000 - 0x00007fff30ed8000 	C:\Users\jonas\.jdks\liberica-full-25\bin\glass.dll
0x00007fff61df0000 - 0x00007fff61ee2000 	C:\Windows\System32\COMDLG32.dll
0x00007fff60450000 - 0x00007fff60500000 	C:\Windows\System32\clbcatq.dll
0x00007fff4fd50000 - 0x00007fff4fea0000 	C:\Windows\System32\Windows.UI.dll
0x00007fff46250000 - 0x00007fff46266000 	C:\Windows\System32\threadpoolwinrt.dll
0x00007fff3dc50000 - 0x00007fff3dd0b000 	C:\Windows\System32\Windows.Networking.Connectivity.dll
0x00007fff52cd0000 - 0x00007fff52f14000 	C:\Windows\System32\twinapi.appcore.dll
0x00007fff61380000 - 0x00007fff614de000 	C:\Windows\System32\MSCTF.dll
0x00007fff4e890000 - 0x00007fff4e9df000 	C:\Windows\System32\Windows.UI.Immersive.dll
0x00007fff53e10000 - 0x00007fff53e29000 	C:\Windows\System32\npmproxy.dll
0x00007fff54240000 - 0x00007fff542ce000 	C:\Windows\SYSTEM32\wlanapi.dll
0x00007fff566f0000 - 0x00007fff56712000 	C:\Windows\SYSTEM32\MobileNetworking.dll
0x00007fff5dd70000 - 0x00007fff5dda4000 	C:\Windows\System32\IPHLPAPI.DLL
0x00007fff622d0000 - 0x00007fff622da000 	C:\Windows\System32\NSI.dll
0x00007fff35e50000 - 0x00007fff35e63000 	C:\Windows\System32\dusmapi.dll
0x00007fff447d0000 - 0x00007fff447e5000 	C:\Users\jonas\.jdks\liberica-full-25\bin\javafx_font.dll
0x00007fff5ad00000 - 0x00007fff5af67000 	C:\Windows\SYSTEM32\dwrite.dll
0x00007fff5a3c0000 - 0x00007fff5a5f0000 	C:\Windows\SYSTEM32\WindowsCodecs.dll
0x00007fff39730000 - 0x00007fff3978a000 	C:\Windows\system32\dataexchange.dll
0x00007fff46380000 - 0x00007fff463ac000 	C:\Program Files\Common Files\Microsoft Shared\Ink\rtscom.dll
0x00007fff4d300000 - 0x00007fff4d447000 	C:\Windows\SYSTEM32\textinputframework.dll
0x00007fff5b850000 - 0x00007fff5b977000 	C:\Windows\SYSTEM32\CoreMessaging.dll
0x00007fff57ad0000 - 0x00007fff57db2000 	C:\Windows\SYSTEM32\CoreUIComponents.dll
0x00007fff5ea80000 - 0x00007fff5ea8c000 	C:\Windows\SYSTEM32\CRYPTBASE.DLL
0x00007fff4ac00000 - 0x00007fff4ac5e000 	C:\Windows\system32\ApplicationTargetedFeatureDatabase.dll

JVMTI agents:
C:\Program Files\JetBrains\IntelliJ IDEA 2025.2.2\lib\idea_rt.jar path:C:\Users\jonas\.jdks\liberica-full-25\bin\instrument.dll, loaded, initialized, instrumentlib options:63121

dbghelp: loaded successfully - version: 4.0.5 - missing functions: none
symbol engine: initialized successfully - sym options: 0x614 - pdb path: .;C:\Users\jonas\.jdks\liberica-full-25\bin;C:\Windows\SYSTEM32;C:\Windows\WinSxS\amd64_microsoft.windows.common-controls_6595b64144ccf1df_6.0.26100.7019_none_3e06ffa0e335b8a8;C:\Users\jonas\.jdks\liberica-full-25\bin\server;C:\Windows\System32\DriverStore\FileRepository\u0418731.inf_amd64_0f48de5f9a2b4190\B417132;C:\Program Files\Common Files\Microsoft Shared\Ink

VM Arguments:
jvm_args: -javaagent:C:\Program Files\JetBrains\IntelliJ IDEA 2025.2.2\lib\idea_rt.jar=63121 -Dfile.encoding=UTF-8 -Dsun.stdout.encoding=UTF-8 -Dsun.stderr.encoding=UTF-8 
java_command: dk.easv.mytunes.GUI.Main
java_class_path (initial): C:\Users\jonas\Documents\IdeaProjects\MyTunes\target\classes;C:\Users\jonas\.m2\repository\org\openjfx\javafx-controls\21.0.6\javafx-controls-21.0.6.jar;C:\Users\jonas\.m2\repository\org\openjfx\javafx-controls\21.0.6\javafx-controls-21.0.6-win.jar;C:\Users\jonas\.m2\repository\org\openjfx\javafx-graphics\21.0.6\javafx-graphics-21.0.6.jar;C:\Users\jonas\.m2\repository\org\openjfx\javafx-graphics\21.0.6\javafx-graphics-21.0.6-win.jar;C:\Users\jonas\.m2\repository\org\openjfx\javafx-base\21.0.6\javafx-base-21.0.6.jar;C:\Users\jonas\.m2\repository\org\openjfx\javafx-base\21.0.6\javafx-base-21.0.6-win.jar;C:\Users\jonas\.m2\repository\org\openjfx\javafx-fxml\21.0.6\javafx-fxml-21.0.6.jar;C:\Users\jonas\.m2\repository\org\openjfx\javafx-fxml\21.0.6\javafx-fxml-21.0.6-win.jar;C:\Users\jonas\Documents\IdeaProjects\MyTunes\lib\mssql-jdbc-12.8.0.jre11.jar
Launcher Type: SUN_STANDARD

[Global flags]
     intx CICompilerCount                          = 4                                         {product} {ergonomic}
     uint ConcGCThreads                            = 3                                         {product} {ergonomic}
     uint G1ConcRefinementThreads                  = 10                                        {product} {ergonomic}
   size_t G1HeapRegionSize                         = 2097152                                   {product} {ergonomic}
   size_t InitialHeapSize                          = 232783872                                 {product} {ergonomic}
   size_t MarkStackSize                            = 4194304                                   {product} {ergonomic}
   size_t MarkStackSizeMax                         = 536870912                                 {product} {ergonomic}
   size_t MaxHeapSize                              = 3718250496                                {product} {ergonomic}
   size_t MaxNewSize                               = 2229272576                                {product} {ergonomic}
   size_t MinHeapDeltaBytes                        = 2097152                                   {product} {ergonomic}
   size_t MinHeapSize                              = 8388608                                   {product} {ergonomic}
    uintx NonNMethodCodeHeapSize                   = 5832704                                {pd product} {ergonomic}
    uintx NonProfiledCodeHeapSize                  = 122945536                              {pd product} {ergonomic}
    uintx ProfiledCodeHeapSize                     = 122880000                              {pd product} {ergonomic}
    uintx ReservedCodeCacheSize                    = 251658240                              {pd product} {ergonomic}
     bool SegmentedCodeCache                       = true                                      {product} {ergonomic}
   size_t SoftMaxHeapSize                          = 3718250496                             {manageable} {ergonomic}
     bool UseCompressedOops                        = true                           {product lp64_product} {ergonomic}
     bool UseG1GC                                  = true                                      {product} {ergonomic}
     bool UseLargePagesIndividualAllocation        = false                                  {pd product} {ergonomic}

Logging:
Log output configuration:
 #0: stdout all=off uptime,level,tags foldmultilines=false
 #1: stderr all=off uptime,level,tags foldmultilines=false

Release file:
IMPLEMENTOR="BellSoft" 
JAVA_RUNTIME_VERSION="25+37-LTS" 
JAVA_VERSION="25" 
JAVA_VERSION_DATE="2025-09-16" 
LIBC="default" 
MODULES="java.base java.compiler java.datatransfer java.xml java.prefs java.desktop java.instrument java.logging java.management java.security.sasl java.naming java.rmi java.management.rmi java.net.http java.scripting java.security.jgss java.transaction.xa java.sql java.sql.rowset java.xml.crypto java.se java.smartcardio jdk.jfr javafx.base jdk.unsupported javafx.graphics javafx.controls javafx.fxml javafx.media jdk.unsupported.desktop javafx.swing jdk.jsobject jdk.xml.dom javafx.web jdk.accessibility jdk.internal.jvmstat jdk.attach jdk.charsets jdk.internal.opt jdk.zipfs jdk.compiler jdk.crypto.cryptoki jdk.crypto.ec jdk.crypto.mscapi jdk.dynalink jdk.internal.ed jdk.editpad jdk.internal.vm.ci jdk.graal.compiler jdk.graal.compiler.management jdk.hotspot.agent jdk.httpserver jdk.incubator.vector jdk.internal.le jdk.internal.md jdk.jartool jdk.javadoc jdk.jcmd jdk.management jdk.management.agent jdk.jconsole jdk.jdeps jdk.jdwp.agent jdk.jdi jdk.jlink jdk.jpackage jdk.jshell jdk.jstatd jdk.localedata jdk.management.jfr jdk.naming.dns jdk.naming.rmi jdk.net jdk.nio.mapmode jdk.sctp jdk.security.auth jdk.security.jgss jfx.incubator.input jfx.incubator.richtext" 
OS_ARCH="x86_64" 
OS_NAME="Windows" 
SOURCE=".:git:e25d1a5e8234+" 

Environment Variables:
PATH=C:\Windows\system32;C:\Windows;C:\Windows\System32\Wbem;C:\Windows\System32\WindowsPowerShell\v1.0\;C:\Windows\System32\OpenSSH\;C:\Program Files\Git\cmd;C:\Users\jonas\AppData\Local\Microsoft\WindowsApps;C:\Users\jonas\AppData\Local\Programs\Microsoft VS Code\bin;C:\Users\jonas\AppData\Local\GitHubDesktop\bin;C:\Users\jonas\AppData\Local\JetBrains\Toolbox\scripts;
USERNAME=jonas
OS=Windows_NT
PROCESSOR_IDENTIFIER=AMD64 Family 25 Model 80 Stepping 0, AuthenticAMD
TMP=C:\Users\jonas\AppData\Local\Temp
TEMP=C:\Users\jonas\AppData\Local\Temp




Compilation memory statistics disabled.

Periodic native trim disabled

---------------  S Y S T E M  ---------------

OS:
 Windows 11 , 64 bit Build 26100 (10.0.26100.7019)
OS uptime: 4 days 2:19 hours
Hyper-V role detected

CPU: total 12 (initial active 12) (12 cores per cpu, 2 threads per core) family 25 model 80 stepping 0 microcode 0xa500014, cx8, cmov, fxsr, ht, mmx, 3dnowpref, sse, sse2, sse3, ssse3, sse4a, sse4.1, sse4.2, popcnt, lzcnt, tsc, tscinvbit, avx, avx2, aes, erms, clmul, bmi1, bmi2, adx, sha, fma, vzeroupper, clflush, clflushopt, clwb, hv, rdtscp, rdpid, fsrm, f16c, cet_ss
Processor Information for processor 0
  Max Mhz: 2301, Current Mhz: 1798, Mhz Limit: 2301
Processor Information for processor 1
  Max Mhz: 2301, Current Mhz: 1798, Mhz Limit: 2301
Processor Information for processor 2
  Max Mhz: 2301, Current Mhz: 1798, Mhz Limit: 2301
Processor Information for processor 3
  Max Mhz: 2301, Current Mhz: 1798, Mhz Limit: 2301
Processor Information for processor 4
  Max Mhz: 2301, Current Mhz: 1798, Mhz Limit: 2301
Processor Information for processor 5
  Max Mhz: 2301, Current Mhz: 1798, Mhz Limit: 2301
Processor Information for processor 6
  Max Mhz: 2301, Current Mhz: 1904, Mhz Limit: 2301
Processor Information for processor 7
  Max Mhz: 2301, Current Mhz: 1904, Mhz Limit: 2301
Processor Information for processor 8
  Max Mhz: 2301, Current Mhz: 1798, Mhz Limit: 2301
Processor Information for processor 9
  Max Mhz: 2301, Current Mhz: 1798, Mhz Limit: 2301
Processor Information for processor 10
  Max Mhz: 2301, Current Mhz: 1904, Mhz Limit: 2301
Processor Information for processor 11
  Max Mhz: 2301, Current Mhz: 1904, Mhz Limit: 2301

Memory: 4k page, system-wide physical 14179M (2419M free)
TotalPageFile size 21107M (AvailPageFile size 1041M)
current process WorkingSet (physical memory assigned to process): 192M, peak: 208M
current process commit charge ("private bytes"): 405M, peak: 427M

vm_info: OpenJDK 64-Bit Server VM (25+37-LTS) for windows-amd64 JRE (25+37-LTS), built on 2025-09-16T14:39:05Z with MS VC++ 17.1 (VS2022)

END.
